// Jest Snapshot v1, https://goo.gl/fbAQLP

exports[`SearchBox Component matches snapshot 1`] = `
<DocumentFragment>
  <div
    class="SearchBox"
  >
    <input
      data-testid="SearchBox"
      placeholder="Search movie..."
      type="text"
      value=""
    />
  </div>
</DocumentFragment>
`;
