// Jest Snapshot v1, https://goo.gl/fbAQLP

exports[`Rating Component matches snapshot 1`] = `
<DocumentFragment>
  <div
    class="rating"
  >
    N/A
  </div>
</DocumentFragment>
`;
