// Jest Snapshot v1, https://goo.gl/fbAQLP

exports[`LoaderScreen Component matches snapshot 1`] = `<DocumentFragment />`;
